{"timestamp":"2022-09-17","status":400,"message":["name must be between 2 and 32 characters long"]}