{"id":1,"task":"t","description":"Description from test ToDo","date":[2022,9,17],"isDone":false,"subtaskSet":null}