{"id":1,"name":"x","description":"xx","date":[2023,1,16]}