[{"id":1,"name":"subTask 1","description":"description SubTask 1","date":[2023,1,16]},{"id":1,"name":"subTask 1","description":"description SubTask 1","date":[2023,1,16]}]