{"id":1,"task":"test ToDo","description":"Description from test ToDo","date":[2023,1,16],"isDone":false,"subtaskSet":null}