{"id":1,"task":"t","description":"Description from test ToDo","date":[2023,1,16],"isDone":false,"subtaskSet":null}