{"timestamp":"2023-01-18","status":400,"message":["name must be between 2 and 32 characters long"]}