[{"id":1,"name":"subTask 1","description":"description SubTask 1","date":"2022-09-17"},{"id":2,"name":"subTask 2","description":"description SubTask 2","date":"2022-09-17"}]