{"timestamp":[2023,1,18],"status":400,"message":["task must be between 2 and 32 characters long"]}