[{"id":1,"task":"test ToDo","description":"Description from test ToDo","date":[2022,9,17],"isDone":false,"subtaskSet":null},{"id":1,"task":"test ToDo","description":"Description from test ToDo","date":[2022,9,17],"isDone":false,"subtaskSet":null}]